[www.weblfg.com/index.html]
[backblue.gif]
[fade.gif]
[index.html]
[www.weblfg.com/favicon/apple-touch-icon.png]
[www.weblfg.com/favicon/favicon-32x32.png]
[www.weblfg.com/favicon/favicon-16x16.png]
[www.weblfg.com/favicon/site.webmanifest]
[www.weblfg.com/img/preview.png]
[rsms.me/inter/inter.css]
[www.weblfg.com/_next/static/css/b0833af0e56e2aca.css]
[www.weblfg.com/_next/static/chunks/polyfills-0d1b80a048d4787e.js]
[www.weblfg.com/_next/static/chunks/webpack-8dc9c79131e44fa3.js]
[www.weblfg.com/_next/static/chunks/framework-ae4f43955bfa5ddc.js]
[www.weblfg.com/_next/static/chunks/main-1ab6d2778152c4f4.js]
[www.weblfg.com/_next/static/chunks/pages/_app-7e51bcba9e881b47.js]
[www.weblfg.com/_next/static/chunks/669-edd89607995da6b5.js]
[www.weblfg.com/_next/static/chunks/500-51e57ab9049d81d9.js]
[www.weblfg.com/_next/static/chunks/pages/index-88fb950e5c6552dd.js]
[www.weblfg.com/_next/static/8MEpOClOA-3VndUU9OuTi/_buildManifest.js]
[www.weblfg.com/_next/static/8MEpOClOA-3VndUU9OuTi/_ssgManifest.js]
[www.weblfg.com/_next/weblfg7372.png]
[www.weblfg.com/_next/radon2e42.png]
[www.weblfg.com/_next/aeriala2a2.png]
[www.weblfg.com/_next/irunblocked38c0.png]
[www.weblfg.com/_next/kazwireb8fd.png]
[www.weblfg.com/_next/phantomgamesa274.png]
[www.weblfg.com/_next/partner1bd8.gif]
[www.weblfg.com/cdn-cgi/l/email-protection.html]
[www.weblfg.com/index.html]
[www.weblfg.com/cdn-cgi/scripts/5c5dd728/cloudflare-static/email-decode.min.js]
[rsms.me/inter/font-files/Inter-Thin3535.woff2]
[rsms.me/inter/font-files/Inter-ThinItalic3535.woff2]
[rsms.me/inter/font-files/Inter-ExtraLight3535.woff2]
[rsms.me/inter/font-files/Inter-ExtraLightItalic3535.woff2]
[rsms.me/inter/font-files/Inter-Light3535.woff2]
[rsms.me/inter/font-files/Inter-LightItalic3535.woff2]
[rsms.me/inter/font-files/Inter-Regular3535.woff2]
[rsms.me/inter/font-files/Inter-Italic3535.woff2]
[rsms.me/inter/font-files/Inter-Medium3535.woff2]
[rsms.me/inter/font-files/Inter-MediumItalic3535.woff2]
[rsms.me/inter/font-files/Inter-SemiBold3535.woff2]
[rsms.me/inter/font-files/Inter-SemiBoldItalic3535.woff2]
[rsms.me/inter/font-files/Inter-Bold3535.woff2]
[rsms.me/inter/font-files/Inter-BoldItalic3535.woff2]
[rsms.me/inter/font-files/Inter-ExtraBold3535.woff2]
[rsms.me/inter/font-files/Inter-ExtraBoldItalic3535.woff2]
[rsms.me/inter/font-files/Inter-Black3535.woff2]
[rsms.me/inter/font-files/Inter-BlackItalic3535.woff2]
[rsms.me/inter/font-files/Inter-roman.var3535.woff2]
[rsms.me/inter/font-files/Inter-italic.var3535.woff2]
[rsms.me/inter/font-files/Inter.var3535.woff2]
[rsms.me/inter/inter.css]
[www.weblfg.com/_next/static/css/b0833af0e56e2aca.css]
[www.weblfg.com/cdn-cgi/l/email-protection.html]
